Microsoft Windows [version 10.0.26100.7171]
(c) Microsoft Corporation. Tous droits r‚serv‚s.

C:\Users\twitc\IdeaProjects\Typewriter-Folia>